ARM Linker, RVCT4.0 [Build 524] for uVision [Standard]

==============================================================================

Section Cross References

    target.o(.text) refers to irq.o(.text) for init_VIC
    main.o(.text) refers to lpc2300can.o(.text) for CANRCVANDSEND
    main.o(.text) refers to choicekey.o(.text) for KeyInit
    main.o(.text) refers to uart.o(.text) for UARTInit
    main.o(.text) refers to lpc2300can.o(.data) for dataAB
    main.o(.text) refers to uart.o(.data) for UART1Buffer
    uart.o(.text) refers to aeabi_sdiv.o(.text_udiv) for __aeabi_uidivmod
    uart.o(.text) refers to irq.o(.text) for install_irq
    uart.o(.text) refers to uart.o(.data) for .data
    lpc2300can.o(.text) refers to lpc2300can.o(.data) for dataRID
    lpc2300can.o(.text) refers to lpc2300can.o(.bss) for .bss
    startup.o(STACK) refers (Special) to heapauxi.o(.text) for __use_two_region_memory
    startup.o(HEAP) refers (Special) to heapauxi.o(.text) for __use_two_region_memory
    startup.o(RESET) refers (Special) to heapauxi.o(.text) for __use_two_region_memory
    startup.o(RESET) refers to target.o(.text) for TargetResetInit
    startup.o(RESET) refers to startup.o(STACK) for Stack_Top
    startup.o(RESET) refers to __main.o(!!!main) for __main
    startup.o(.text) refers (Special) to heapauxi.o(.text) for __use_two_region_memory
    startup.o(.text) refers to startup.o(HEAP) for Heap_Mem
    startup.o(.text) refers to startup.o(STACK) for Stack_Mem
    aeabi_sdiv.o(.text_udiv) refers to aeabi_sdiv.o(.text) for __arm_div4
    aeabi_sdiv_div0.o(.text_udiv) refers to aeabi_sdiv_div0.o(.text) for __arm_div4
    __main.o(!!!main) refers to rtentry.o(.ARM.Collect$$rtentry$$00000000) for __rt_entry
    rtentry.o(.ARM.Collect$$rtentry$$00000000) refers (Special) to rtentry2.o(.ARM.Collect$$rtentry$$0000000A) for __rt_entry_li
    rtentry.o(.ARM.Collect$$rtentry$$00000000) refers (Special) to rtentry2.o(.ARM.Collect$$rtentry$$0000000D) for __rt_entry_main
    rtentry.o(.ARM.Collect$$rtentry$$00000000) refers (Special) to rtentry2.o(.ARM.Collect$$rtentry$$0000000C) for __rt_entry_postli_1
    rtentry.o(.ARM.Collect$$rtentry$$00000000) refers (Special) to rtentry2.o(.ARM.Collect$$rtentry$$00000009) for __rt_entry_postsh_1
    rtentry.o(.ARM.Collect$$rtentry$$00000000) refers (Special) to rtentry2.o(.ARM.Collect$$rtentry$$00000002) for __rt_entry_presh_1
    rtentry.o(.ARM.Collect$$rtentry$$00000000) refers (Special) to rtentry4.o(.ARM.Collect$$rtentry$$00000004) for __rt_entry_sh
    rtentry.o(.ARM.exidx) refers (Special) to rtentry2.o(.ARM.Collect$$rtentry$$0000000A) for __rt_entry_li
    rtentry.o(.ARM.exidx) refers (Special) to rtentry2.o(.ARM.Collect$$rtentry$$0000000D) for __rt_entry_main
    rtentry.o(.ARM.exidx) refers (Special) to rtentry2.o(.ARM.Collect$$rtentry$$0000000C) for __rt_entry_postli_1
    rtentry.o(.ARM.exidx) refers (Special) to rtentry2.o(.ARM.Collect$$rtentry$$00000009) for __rt_entry_postsh_1
    rtentry.o(.ARM.exidx) refers (Special) to rtentry2.o(.ARM.Collect$$rtentry$$00000002) for __rt_entry_presh_1
    rtentry.o(.ARM.exidx) refers (Special) to rtentry4.o(.ARM.Collect$$rtentry$$00000004) for __rt_entry_sh
    rtentry.o(.ARM.exidx) refers to rtentry.o(.ARM.Collect$$rtentry$$00000000) for .ARM.Collect$$rtentry$$00000000
    aeabi_idiv0_sigfpe.o(.text) refers to rt_div0.o(.text) for __rt_div0
    rtentry2.o(.ARM.Collect$$rtentry$$00000008) refers to boardinit2.o(.text) for _platform_post_stackheap_init
    rtentry2.o(.ARM.Collect$$rtentry$$0000000A) refers to libinit.o(.ARM.Collect$$libinit$$00000000) for __rt_lib_init
    rtentry2.o(.ARM.Collect$$rtentry$$0000000B) refers to boardinit3.o(.text) for _platform_post_lib_init
    rtentry2.o(.ARM.Collect$$rtentry$$0000000D) refers to exit.o(.text) for exit
    rtentry2.o(.ARM.Collect$$rtentry$$0000000D) refers to main.o(.text) for main
    rtentry2.o(.ARM.exidx) refers to rtentry2.o(.ARM.Collect$$rtentry$$00000001) for .ARM.Collect$$rtentry$$00000001
    rtentry2.o(.ARM.exidx) refers to rtentry2.o(.ARM.Collect$$rtentry$$00000002) for .ARM.Collect$$rtentry$$00000002
    rtentry2.o(.ARM.exidx) refers to rtentry2.o(.ARM.Collect$$rtentry$$00000008) for .ARM.Collect$$rtentry$$00000008
    rtentry2.o(.ARM.exidx) refers to rtentry2.o(.ARM.Collect$$rtentry$$00000009) for .ARM.Collect$$rtentry$$00000009
    rtentry2.o(.ARM.exidx) refers to rtentry2.o(.ARM.Collect$$rtentry$$0000000A) for .ARM.Collect$$rtentry$$0000000A
    rtentry2.o(.ARM.exidx) refers to rtentry2.o(.ARM.Collect$$rtentry$$0000000B) for .ARM.Collect$$rtentry$$0000000B
    rtentry2.o(.ARM.exidx) refers to rtentry2.o(.ARM.Collect$$rtentry$$0000000C) for .ARM.Collect$$rtentry$$0000000C
    rtentry2.o(.ARM.exidx) refers to rtentry2.o(.ARM.Collect$$rtentry$$0000000D) for .ARM.Collect$$rtentry$$0000000D
    rtentry4.o(.ARM.Collect$$rtentry$$00000004) refers to sys_stackheap_outer.o(.text) for __user_setup_stackheap
    rtentry4.o(.ARM.exidx) refers to rtentry4.o(.ARM.Collect$$rtentry$$00000004) for .ARM.Collect$$rtentry$$00000004
    rt_div0.o(.text) refers to defsig_fpe_outer.o(.text) for __rt_SIGFPE
    sys_stackheap_outer.o(.text) refers to libspace.o(.text) for __user_perproc_libspace
    sys_stackheap_outer.o(.text) refers to startup.o(.text) for __user_initial_stackheap
    exit.o(.text) refers to rtexit.o(.ARM.Collect$$rtexit$$00000000) for __rt_exit
    defsig_fpe_outer.o(.text) refers to defsig_fpe_inner.o(.text) for __rt_SIGFPE_inner
    defsig_fpe_outer.o(.text) refers to defsig_exit.o(.text) for __sig_exit
    defsig_fpe_formal.o(.text) refers to rt_raise.o(.text) for __rt_raise
    libinit.o(.ARM.Collect$$libinit$$00000000) refers (Special) to libinit2.o(.ARM.Collect$$libinit$$0000002A) for __rt_lib_init_alloca_1
    libinit.o(.ARM.Collect$$libinit$$00000000) refers (Special) to libinit2.o(.ARM.Collect$$libinit$$00000028) for __rt_lib_init_argv_1
    libinit.o(.ARM.Collect$$libinit$$00000000) refers (Special) to libinit2.o(.ARM.Collect$$libinit$$00000017) for __rt_lib_init_atexit_1
    libinit.o(.ARM.Collect$$libinit$$00000000) refers (Special) to libinit2.o(.ARM.Collect$$libinit$$0000001D) for __rt_lib_init_clock_1
    libinit.o(.ARM.Collect$$libinit$$00000000) refers (Special) to libinit2.o(.ARM.Collect$$libinit$$0000002E) for __rt_lib_init_cpp_1
    libinit.o(.ARM.Collect$$libinit$$00000000) refers (Special) to libinit2.o(.ARM.Collect$$libinit$$0000002C) for __rt_lib_init_exceptions_1
    libinit.o(.ARM.Collect$$libinit$$00000000) refers (Special) to libinit2.o(.ARM.Collect$$libinit$$0000001B) for __rt_lib_init_fp_trap_1
    libinit.o(.ARM.Collect$$libinit$$00000000) refers (Special) to libinit2.o(.ARM.Collect$$libinit$$0000001F) for __rt_lib_init_getenv_1
    libinit.o(.ARM.Collect$$libinit$$00000000) refers (Special) to libinit2.o(.ARM.Collect$$libinit$$00000006) for __rt_lib_init_heap_1
    libinit.o(.ARM.Collect$$libinit$$00000000) refers (Special) to libinit2.o(.ARM.Collect$$libinit$$0000000D) for __rt_lib_init_lc_collate_1
    libinit.o(.ARM.Collect$$libinit$$00000000) refers (Special) to libinit2.o(.ARM.Collect$$libinit$$0000000F) for __rt_lib_init_lc_ctype_1
    libinit.o(.ARM.Collect$$libinit$$00000000) refers (Special) to libinit2.o(.ARM.Collect$$libinit$$00000011) for __rt_lib_init_lc_monetary_1
    libinit.o(.ARM.Collect$$libinit$$00000000) refers (Special) to libinit2.o(.ARM.Collect$$libinit$$00000013) for __rt_lib_init_lc_numeric_1
    libinit.o(.ARM.Collect$$libinit$$00000000) refers (Special) to libinit2.o(.ARM.Collect$$libinit$$00000015) for __rt_lib_init_lc_time_1
    libinit.o(.ARM.Collect$$libinit$$00000000) refers (Special) to libinit2.o(.ARM.Collect$$libinit$$0000000A) for __rt_lib_init_rand_1
    libinit.o(.ARM.Collect$$libinit$$00000000) refers (Special) to libinit2.o(.ARM.Collect$$libinit$$0000002F) for __rt_lib_init_return
    libinit.o(.ARM.Collect$$libinit$$00000000) refers (Special) to libinit2.o(.ARM.Collect$$libinit$$00000019) for __rt_lib_init_signal_1
    libinit.o(.ARM.Collect$$libinit$$00000000) refers (Special) to libinit2.o(.ARM.Collect$$libinit$$00000021) for __rt_lib_init_stdio_1
    libinit.o(.ARM.Collect$$libinit$$00000000) refers (Special) to libinit2.o(.ARM.Collect$$libinit$$00000008) for __rt_lib_init_user_alloc_1
    libinit.o(.ARM.Collect$$libinit$$00000000) refers to fpinit.o(x$fpl$fpinit) for _fp_init
    libspace.o(.text) refers to libspace.o(.bss) for __libspace_start
    rtexit.o(.ARM.Collect$$rtexit$$00000000) refers (Special) to rtexit2.o(.ARM.Collect$$rtexit$$00000004) for __rt_exit_exit
    rtexit.o(.ARM.Collect$$rtexit$$00000000) refers (Special) to rtexit2.o(.ARM.Collect$$rtexit$$00000003) for __rt_exit_ls
    rtexit.o(.ARM.Collect$$rtexit$$00000000) refers (Special) to rtexit2.o(.ARM.Collect$$rtexit$$00000002) for __rt_exit_prels_1
    rtexit.o(.ARM.exidx) refers (Special) to rtexit2.o(.ARM.Collect$$rtexit$$00000004) for __rt_exit_exit
    rtexit.o(.ARM.exidx) refers (Special) to rtexit2.o(.ARM.Collect$$rtexit$$00000003) for __rt_exit_ls
    rtexit.o(.ARM.exidx) refers (Special) to rtexit2.o(.ARM.Collect$$rtexit$$00000002) for __rt_exit_prels_1
    rtexit.o(.ARM.exidx) refers to rtexit.o(.ARM.Collect$$rtexit$$00000000) for .ARM.Collect$$rtexit$$00000000
    rt_raise.o(.text) refers to __raise.o(.text) for __raise
    rt_raise.o(.text) refers to sys_exit.o(.text) for _sys_exit
    defsig_exit.o(.text) refers to sys_exit.o(.text) for _sys_exit
    defsig_fpe_inner.o(.text) refers to defsig_general.o(.text) for __default_signal_display
    libinit2.o(.ARM.Collect$$libinit$$0000000C) refers to libinit2.o(.ARM.Collect$$libinit$$0000000B) for .ARM.Collect$$libinit$$0000000B
    libinit2.o(.ARM.Collect$$libinit$$0000000E) refers to libinit2.o(.ARM.Collect$$libinit$$0000000B) for .ARM.Collect$$libinit$$0000000B
    libinit2.o(.ARM.Collect$$libinit$$00000010) refers to libinit2.o(.ARM.Collect$$libinit$$0000000B) for .ARM.Collect$$libinit$$0000000B
    libinit2.o(.ARM.Collect$$libinit$$00000012) refers to libinit2.o(.ARM.Collect$$libinit$$0000000B) for .ARM.Collect$$libinit$$0000000B
    libinit2.o(.ARM.Collect$$libinit$$00000014) refers to libinit2.o(.ARM.Collect$$libinit$$0000000B) for .ARM.Collect$$libinit$$0000000B
    libinit2.o(.ARM.Collect$$libinit$$00000022) refers to argv_veneer.o(.emb_text) for __ARM_argv_veneer
    libinit2.o(.ARM.Collect$$libinit$$00000023) refers to argv_veneer.o(.emb_text) for __ARM_argv_veneer
    sys_exit.o(.text) refers to use_no_semi.o(.text) for __I$use$semihosting
    rtexit2.o(.ARM.Collect$$rtexit$$00000003) refers to libshutdown.o(.ARM.Collect$$libshutdown$$00000000) for __rt_lib_shutdown
    rtexit2.o(.ARM.Collect$$rtexit$$00000004) refers to sys_exit.o(.text) for _sys_exit
    rtexit2.o(.ARM.exidx) refers to rtexit2.o(.ARM.Collect$$rtexit$$00000001) for .ARM.Collect$$rtexit$$00000001
    rtexit2.o(.ARM.exidx) refers to rtexit2.o(.ARM.Collect$$rtexit$$00000002) for .ARM.Collect$$rtexit$$00000002
    rtexit2.o(.ARM.exidx) refers to rtexit2.o(.ARM.Collect$$rtexit$$00000003) for .ARM.Collect$$rtexit$$00000003
    rtexit2.o(.ARM.exidx) refers to rtexit2.o(.ARM.Collect$$rtexit$$00000004) for .ARM.Collect$$rtexit$$00000004
    __raise.o(.text) refers to defsig.o(CL$$defsig) for __default_signal_handler
    __raise.o(.text) refers to __raise.o(i.__ARM_common_call_via_r2) for __ARM_common_call_via_r2
    defsig_general.o(.text) refers to sys_wrch.o(.text) for _ttywrch
    argv_veneer.o(.emb_text) refers to no_argv.o(.text) for __ARM_get_argv
    sys_wrch.o(.text) refers (Special) to use_no_semi.o(.text) for __I$use$semihosting
    defsig.o(CL$$defsig) refers to defsig_fpe_inner.o(.text) for __rt_SIGFPE_inner
    defsig.o(CL$$defsig) refers to defsig_rtmem_inner.o(.text) for __rt_SIGRTMEM_inner
    _get_argv_nomalloc.o(.text) refers (Special) to hrguard.o(.text) for __heap_region$guard
    _get_argv_nomalloc.o(.text) refers to defsig_rtmem_outer.o(.text) for __rt_SIGRTMEM
    _get_argv_nomalloc.o(.text) refers to sys_command.o(.text) for _sys_command_string
    libshutdown.o(.ARM.Collect$$libshutdown$$00000000) refers (Special) to libshutdown2.o(.ARM.Collect$$libshutdown$$00000006) for __rt_lib_shutdown_fp_trap_1
    libshutdown.o(.ARM.Collect$$libshutdown$$00000000) refers (Special) to libshutdown2.o(.ARM.Collect$$libshutdown$$0000000E) for __rt_lib_shutdown_heap_1
    libshutdown.o(.ARM.Collect$$libshutdown$$00000000) refers (Special) to libshutdown2.o(.ARM.Collect$$libshutdown$$0000000F) for __rt_lib_shutdown_return
    libshutdown.o(.ARM.Collect$$libshutdown$$00000000) refers (Special) to libshutdown2.o(.ARM.Collect$$libshutdown$$00000009) for __rt_lib_shutdown_signal_1
    libshutdown.o(.ARM.Collect$$libshutdown$$00000000) refers (Special) to libshutdown2.o(.ARM.Collect$$libshutdown$$00000003) for __rt_lib_shutdown_stdio_1
    libshutdown.o(.ARM.Collect$$libshutdown$$00000000) refers (Special) to libshutdown2.o(.ARM.Collect$$libshutdown$$0000000B) for __rt_lib_shutdown_user_alloc_1
    sys_command.o(.text) refers (Special) to use_no_semi.o(.text) for __I$use$semihosting
    defsig_abrt_inner.o(.text) refers to defsig_general.o(.text) for __default_signal_display
    defsig_rtred_inner.o(.text) refers to defsig_general.o(.text) for __default_signal_display
    defsig_rtmem_inner.o(.text) refers to defsig_general.o(.text) for __default_signal_display
    defsig_rtmem_outer.o(.text) refers to defsig_rtmem_inner.o(.text) for __rt_SIGRTMEM_inner
    defsig_rtmem_outer.o(.text) refers to defsig_exit.o(.text) for __sig_exit
    defsig_rtmem_formal.o(.text) refers to rt_raise.o(.text) for __rt_raise
    defsig_stak_inner.o(.text) refers to defsig_general.o(.text) for __default_signal_display
    defsig_pvfn_inner.o(.text) refers to defsig_general.o(.text) for __default_signal_display
    defsig_cppl_inner.o(.text) refers to defsig_general.o(.text) for __default_signal_display
    defsig_segv_inner.o(.text) refers to defsig_general.o(.text) for __default_signal_display
    defsig_other.o(.text) refers to defsig_general.o(.text) for __default_signal_display


==============================================================================

Removing Unused input sections from the image.

    Removing irq.o(.data), (4 bytes).
    Removing target.o(.data), (4 bytes).
    Removing main.o(.data), (4 bytes).

3 unused section(s) (total 12 bytes) removed from the image.

==============================================================================

Adding Veneers to the image

    Adding AT veneer (8 bytes, Inline) for call to '__rt_lib_init' from rtentry2.o(.ARM.Collect$$rtentry$$0000000A).
    Adding AT veneer (8 bytes, Inline) for call to '__rt_lib_shutdown' from rtexit2.o(.ARM.Collect$$rtexit$$00000003).
    Adding TA veneer (4 bytes, Inline) for call to '__rt_exit' from exit.o(.text).
    Adding TA veneer (4 bytes, Inline) for call to '_fp_init' from libinit.o(.ARM.Collect$$libinit$$00000000).

4 Veneer(s) (total 24 bytes) added to the image.

==============================================================================

Image Symbol Table

    Local Symbols

    Symbol Name                              Value     Ov Type        Size  Object(Section)

    RESET                                    0x00000000   Section      184  startup.o(RESET)
    ../../angel/boardlib.s                   0x00000000   Number         0  boardinit1.o ABSOLUTE
    ../../angel/boardlib.s                   0x00000000   Number         0  boardinit3.o ABSOLUTE
    ../../angel/boardlib.s                   0x00000000   Number         0  boardinit2.o ABSOLUTE
    ../../angel/boardlib.s                   0x00000000   Number         0  boardshut.o ABSOLUTE
    ../../angel/handlers.s                   0x00000000   Number         0  __scatter_copy.o ABSOLUTE
    ../../angel/handlers.s                   0x00000000   Number         0  __scatter_zi.o ABSOLUTE
    ../../angel/kernel.s                     0x00000000   Number         0  rtentry2.o ABSOLUTE
    ../../angel/kernel.s                     0x00000000   Number         0  rtexit.o ABSOLUTE
    ../../angel/kernel.s                     0x00000000   Number         0  rtentry4.o ABSOLUTE
    ../../angel/kernel.s                     0x00000000   Number         0  rtentry.o ABSOLUTE
    ../../angel/kernel.s                     0x00000000   Number         0  rtexit2.o ABSOLUTE
    ../../angel/rt.s                         0x00000000   Number         0  aeabi_idiv0.o ABSOLUTE
    ../../angel/rt.s                         0x00000000   Number         0  aeabi_idiv0_sigfpe.o ABSOLUTE
    ../../angel/rt.s                         0x00000000   Number         0  rt_raise.o ABSOLUTE
    ../../angel/rt.s                         0x00000000   Number         0  rt_div0.o ABSOLUTE
    ../../angel/scatter.s                    0x00000000   Number         0  __scatter.o ABSOLUTE
    ../../angel/startup.s                    0x00000000   Number         0  __main.o ABSOLUTE
    ../../angel/sys.s                        0x00000000   Number         0  sys_exit.o ABSOLUTE
    ../../angel/sys.s                        0x00000000   Number         0  use_no_semi.o ABSOLUTE
    ../../angel/sys.s                        0x00000000   Number         0  sys_stackheap_outer.o ABSOLUTE
    ../../angel/sys.s                        0x00000000   Number         0  libspace.o ABSOLUTE
    ../../angel/sysapp.c                     0x00000000   Number         0  sys_command.o ABSOLUTE
    ../../angel/sysapp.c                     0x00000000   Number         0  sys_wrch.o ABSOLUTE
    ../../armsys.c                           0x00000000   Number         0  argv_veneer.o ABSOLUTE
    ../../armsys.c                           0x00000000   Number         0  argv_veneer.o ABSOLUTE
    ../../armsys.c                           0x00000000   Number         0  _get_argv_nomalloc.o ABSOLUTE
    ../../armsys.c                           0x00000000   Number         0  no_argv.o ABSOLUTE
    ../../division.s                         0x00000000   Number         0  aeabi_sdiv.o ABSOLUTE
    ../../division.s                         0x00000000   Number         0  aeabi_sdiv_div0.o ABSOLUTE
    ../../divrt.s                            0x00000000   Number         0  divrt_7tdmi_div0.o ABSOLUTE
    ../../divrt.s                            0x00000000   Number         0  divrt_7tdmi.o ABSOLUTE
    ../../fpinit.s                           0x00000000   Number         0  fpinit.o ABSOLUTE
    ../../heapalloc.c                        0x00000000   Number         0  hrguard.o ABSOLUTE
    ../../heapaux.c                          0x00000000   Number         0  heapauxi.o ABSOLUTE
    ../../libinit.s                          0x00000000   Number         0  libinit.o ABSOLUTE
    ../../libinit.s                          0x00000000   Number         0  libinit2.o ABSOLUTE
    ../../libinit.s                          0x00000000   Number         0  libshutdown.o ABSOLUTE
    ../../libinit.s                          0x00000000   Number         0  libshutdown2.o ABSOLUTE
    ../../signal.c                           0x00000000   Number         0  defsig_segv_inner.o ABSOLUTE
    ../../signal.c                           0x00000000   Number         0  defsig_other.o ABSOLUTE
    ../../signal.c                           0x00000000   Number         0  defsig_fpe_outer.o ABSOLUTE
    ../../signal.c                           0x00000000   Number         0  defsig_fpe_formal.o ABSOLUTE
    ../../signal.c                           0x00000000   Number         0  defsig_rtmem_formal.o ABSOLUTE
    ../../signal.c                           0x00000000   Number         0  defsig_exit.o ABSOLUTE
    ../../signal.c                           0x00000000   Number         0  defsig_fpe_inner.o ABSOLUTE
    ../../signal.c                           0x00000000   Number         0  __raise.o ABSOLUTE
    ../../signal.c                           0x00000000   Number         0  defsig_general.o ABSOLUTE
    ../../signal.c                           0x00000000   Number         0  defsig_abrt_inner.o ABSOLUTE
    ../../signal.c                           0x00000000   Number         0  defsig_rtred_inner.o ABSOLUTE
    ../../signal.c                           0x00000000   Number         0  defsig_rtmem_inner.o ABSOLUTE
    ../../signal.c                           0x00000000   Number         0  defsig_rtmem_outer.o ABSOLUTE
    ../../signal.c                           0x00000000   Number         0  defsig_stak_inner.o ABSOLUTE
    ../../signal.c                           0x00000000   Number         0  defsig_pvfn_inner.o ABSOLUTE
    ../../signal.c                           0x00000000   Number         0  defsig_cppl_inner.o ABSOLUTE
    ../../signal.s                           0x00000000   Number         0  defsig.o ABSOLUTE
    ../../stdlib.c                           0x00000000   Number         0  exit.o ABSOLUTE
    can\LPC2300CAN.c                         0x00000000   Number         0  lpc2300can.o ABSOLUTE
    can\LPC2300CANReg.c                      0x00000000   Number         0  lpc2300canreg.o ABSOLUTE
    common\irq.c                             0x00000000   Number         0  irq.o ABSOLUTE
    common\key\choiceKey.c                   0x00000000   Number         0  choicekey.o ABSOLUTE
    common\target.c                          0x00000000   Number         0  target.o ABSOLUTE
    dc.s                                     0x00000000   Number         0  dc.o ABSOLUTE
    startup\Startup.s                        0x00000000   Number         0  startup.o ABSOLUTE
    startup\swi_handler.s                    0x00000000   Number         0  swi_handler.o ABSOLUTE
    uart\uart.c                              0x00000000   Number         0  uart.o ABSOLUTE
    user_code\main.c                         0x00000000   Number         0  main.o ABSOLUTE
    Undef_Handler                            0x00000040   ARM Code       4  startup.o(RESET)
    SWI_Handler                              0x00000044   ARM Code       4  startup.o(RESET)
    PAbt_Handler                             0x00000048   ARM Code       4  startup.o(RESET)
    DAbt_Handler                             0x0000004c   ARM Code       4  startup.o(RESET)
    IRQ_Handler                              0x00000050   ARM Code       4  startup.o(RESET)
    FIQ_Handler                              0x00000054   ARM Code       4  startup.o(RESET)
    !!!main                                  0x000000b8   Section        8  __main.o(!!!main)
    !!!scatter                               0x000000c0   Section       60  __scatter.o(!!!scatter)
    !!handler_copy                           0x000000fc   Section       40  __scatter_copy.o(!!handler_copy)
    !!handler_zi                             0x00000124   Section       44  __scatter_zi.o(!!handler_zi)
    .ARM.Collect$$libinit$$00000000          0x00000158   Section        6  libinit.o(.ARM.Collect$$libinit$$00000000)
    .ARM.Collect$$libinit$$00000006          0x0000015e   Section        0  libinit2.o(.ARM.Collect$$libinit$$00000006)
    .ARM.Collect$$libinit$$00000008          0x0000015e   Section        0  libinit2.o(.ARM.Collect$$libinit$$00000008)
    .ARM.Collect$$libinit$$0000000A          0x0000015e   Section        0  libinit2.o(.ARM.Collect$$libinit$$0000000A)
    .ARM.Collect$$libinit$$0000000D          0x0000015e   Section        0  libinit2.o(.ARM.Collect$$libinit$$0000000D)
    .ARM.Collect$$libinit$$0000000F          0x0000015e   Section        0  libinit2.o(.ARM.Collect$$libinit$$0000000F)
    .ARM.Collect$$libinit$$00000011          0x0000015e   Section        0  libinit2.o(.ARM.Collect$$libinit$$00000011)
    .ARM.Collect$$libinit$$00000013          0x0000015e   Section        0  libinit2.o(.ARM.Collect$$libinit$$00000013)
    .ARM.Collect$$libinit$$00000015          0x0000015e   Section        0  libinit2.o(.ARM.Collect$$libinit$$00000015)
    .ARM.Collect$$libinit$$00000017          0x0000015e   Section        0  libinit2.o(.ARM.Collect$$libinit$$00000017)
    .ARM.Collect$$libinit$$00000019          0x0000015e   Section        0  libinit2.o(.ARM.Collect$$libinit$$00000019)
    .ARM.Collect$$libinit$$0000001B          0x0000015e   Section        0  libinit2.o(.ARM.Collect$$libinit$$0000001B)
    .ARM.Collect$$libinit$$0000001D          0x0000015e   Section        0  libinit2.o(.ARM.Collect$$libinit$$0000001D)
    .ARM.Collect$$libinit$$0000001F          0x0000015e   Section        0  libinit2.o(.ARM.Collect$$libinit$$0000001F)
    .ARM.Collect$$libinit$$00000021          0x0000015e   Section        0  libinit2.o(.ARM.Collect$$libinit$$00000021)
    .ARM.Collect$$libinit$$00000028          0x0000015e   Section        0  libinit2.o(.ARM.Collect$$libinit$$00000028)
    .ARM.Collect$$libinit$$0000002A          0x0000015e   Section        0  libinit2.o(.ARM.Collect$$libinit$$0000002A)
    .ARM.Collect$$libinit$$0000002C          0x0000015e   Section        0  libinit2.o(.ARM.Collect$$libinit$$0000002C)
    .ARM.Collect$$libinit$$0000002E          0x0000015e   Section        0  libinit2.o(.ARM.Collect$$libinit$$0000002E)
    .ARM.Collect$$libinit$$0000002F          0x0000015e   Section       12  libinit2.o(.ARM.Collect$$libinit$$0000002F)
    .ARM.Collect$$libshutdown$$00000000      0x00000174   Section        4  libshutdown.o(.ARM.Collect$$libshutdown$$00000000)
    .ARM.Collect$$libshutdown$$00000003      0x00000178   Section        0  libshutdown2.o(.ARM.Collect$$libshutdown$$00000003)
    .ARM.Collect$$libshutdown$$00000006      0x00000178   Section        0  libshutdown2.o(.ARM.Collect$$libshutdown$$00000006)
    .ARM.Collect$$libshutdown$$00000009      0x00000178   Section        0  libshutdown2.o(.ARM.Collect$$libshutdown$$00000009)
    .ARM.Collect$$libshutdown$$0000000B      0x00000178   Section        0  libshutdown2.o(.ARM.Collect$$libshutdown$$0000000B)
    .ARM.Collect$$libshutdown$$0000000E      0x00000178   Section        0  libshutdown2.o(.ARM.Collect$$libshutdown$$0000000E)
    .ARM.Collect$$libshutdown$$0000000F      0x00000178   Section        6  libshutdown2.o(.ARM.Collect$$libshutdown$$0000000F)
    .ARM.Collect$$rtentry$$00000000          0x00000180   Section        0  rtentry.o(.ARM.Collect$$rtentry$$00000000)
    .ARM.Collect$$rtentry$$00000002          0x00000180   Section        0  rtentry2.o(.ARM.Collect$$rtentry$$00000002)
    .ARM.Collect$$rtentry$$00000004          0x00000180   Section        8  rtentry4.o(.ARM.Collect$$rtentry$$00000004)
    .ARM.Collect$$rtentry$$00000009          0x00000188   Section        0  rtentry2.o(.ARM.Collect$$rtentry$$00000009)
    .ARM.Collect$$rtentry$$0000000A          0x00000188   Section        4  rtentry2.o(.ARM.Collect$$rtentry$$0000000A)
    .ARM.Collect$$rtentry$$0000000C          0x0000018c   Section        0  rtentry2.o(.ARM.Collect$$rtentry$$0000000C)
    .ARM.Collect$$rtentry$$0000000D          0x0000018c   Section       40  rtentry2.o(.ARM.Collect$$rtentry$$0000000D)
    .ARM.Collect$$rtexit$$00000000           0x000001b8   Section        0  rtexit.o(.ARM.Collect$$rtexit$$00000000)
    .ARM.Collect$$rtexit$$00000002           0x000001b8   Section        0  rtexit2.o(.ARM.Collect$$rtexit$$00000002)
    .ARM.Collect$$rtexit$$00000003           0x000001b8   Section        4  rtexit2.o(.ARM.Collect$$rtexit$$00000003)
    .ARM.Collect$$rtexit$$00000004           0x000001bc   Section        4  rtexit2.o(.ARM.Collect$$rtexit$$00000004)
    .text                                    0x000001c0   Section      180  irq.o(.text)
    .text                                    0x00000274   Section      528  target.o(.text)
    .text                                    0x00000484   Section       56  choicekey.o(.text)
    .text                                    0x000004bc   Section      624  main.o(.text)
    .text                                    0x0000072c   Section     1516  uart.o(.text)
    .text                                    0x00000d18   Section     1372  lpc2300can.o(.text)
    .text                                    0x00001274   Section       32  startup.o(.text)
    .text                                    0x00001294   Section      384  aeabi_sdiv.o(.text)
    __arm_div8                               0x000012c0   ARM Code       0  aeabi_sdiv.o(.text)
    __arm_div4                               0x000012f0   ARM Code       0  aeabi_sdiv.o(.text)
    __arm_div_large                          0x00001344   ARM Code       0  aeabi_sdiv.o(.text)
    .text                                    0x00001414   Section        6  heapauxi.o(.text)
    .text                                    0x0000141c   Section       96  sys_stackheap_outer.o(.text)
    .text                                    0x0000147c   Section       12  exit.o(.text)
    .text                                    0x00001488   Section       12  libspace.o(.text)
    .text                                    0x00001494   Section       24  sys_exit.o(.text)
    .text                                    0x000014ac   Section        4  use_no_semi.o(.text)
    .text_udiv                               0x000014b0   Section       28  aeabi_sdiv.o(.text_udiv)
    SWI_HANDLER                              0x000014cc   Section      108  swi_handler.o(SWI_HANDLER)
    IRQDisable                               0x000014e8   ARM Code       0  swi_handler.o(SWI_HANDLER)
    IRQEnable                                0x000014f8   ARM Code       0  swi_handler.o(SWI_HANDLER)
    FIQDisable                               0x00001508   ARM Code       0  swi_handler.o(SWI_HANDLER)
    FIQEnable                                0x00001518   ARM Code       0  swi_handler.o(SWI_HANDLER)
    x$fpl$fpinit                             0x0000153c   Section        4  fpinit.o(x$fpl$fpinit)
    .data                                    0x40000000   Section       40  uart.o(.data)
    sysreg                                   0x4000000c   Data           4  uart.o(.data)
    .data                                    0x40000028   Section       12  lpc2300can.o(.data)
    .bss                                     0x40000034   Section       32  lpc2300can.o(.bss)
    MessageDetailT                           0x40000034   Data          16  lpc2300can.o(.bss)
    MessageDetailR                           0x40000044   Data          16  lpc2300can.o(.bss)
    .bss                                     0x40000054   Section       96  libspace.o(.bss)
    HEAP                                     0x400000b8   Section        0  startup.o(HEAP)
    STACK                                    0x400000b8   Section     1024  startup.o(STACK)
    Heap_Mem                                 0x400000b8   Data           0  startup.o(HEAP)
    Stack_Mem                                0x400000b8   Data        1024  startup.o(STACK)
    Stack_Top                                0x400004b8   Data           0  startup.o(STACK)

    Global Symbols

    Symbol Name                              Value     Ov Type        Size  Object(Section)

    BuildAttributes$$THM_ISAv1$ARM_ISAv4$S$PE$A:L22$X:L11$S22$IEEE1$IW$USESV6$~STKCKD$USESV7$~SHL$OSPACE$ROPI$EBA8$UX$STANDARDLIB$REQ8$PRES8$EABIv2 0x00000000   Number         0  anon$$obj.o ABSOLUTE
    __ARM_use_no_argv                        0x00000000   Number         0  main.o ABSOLUTE
    __ARM_exceptions_init                     - Undefined Weak Reference
    __alloca_initialize                       - Undefined Weak Reference
    __cpp_initialize__aeabi_                  - Undefined Weak Reference
    __cxa_finalize                            - Undefined Weak Reference
    __rt_locale                               - Undefined Weak Reference
    __sigvec_lookup                           - Undefined Weak Reference
    _atexit_init                              - Undefined Weak Reference
    _call_atexit_fns                          - Undefined Weak Reference
    _clock_init                               - Undefined Weak Reference
    _fp_trap_init                             - Undefined Weak Reference
    _fp_trap_shutdown                         - Undefined Weak Reference
    _get_lc_collate                           - Undefined Weak Reference
    _get_lc_ctype                             - Undefined Weak Reference
    _get_lc_monetary                          - Undefined Weak Reference
    _get_lc_numeric                           - Undefined Weak Reference
    _get_lc_time                              - Undefined Weak Reference
    _getenv_init                              - Undefined Weak Reference
    _handle_redirection                       - Undefined Weak Reference
    _init_alloc                               - Undefined Weak Reference
    _init_user_alloc                          - Undefined Weak Reference
    _initio                                   - Undefined Weak Reference
    _rand_init                                - Undefined Weak Reference
    _signal_finish                            - Undefined Weak Reference
    _signal_init                              - Undefined Weak Reference
    _terminate_alloc                          - Undefined Weak Reference
    _terminate_user_alloc                     - Undefined Weak Reference
    _terminateio                              - Undefined Weak Reference
    Reset_Handler                            0x00000058   ARM Code       0  startup.o(RESET)
    __main                                   0x000000b8   ARM Code       8  __main.o(!!!main)
    __scatterload                            0x000000c0   ARM Code       0  __scatter.o(!!!scatter)
    __scatterload_rt2                        0x000000c0   ARM Code      52  __scatter.o(!!!scatter)
    __scatterload_null                       0x000000d4   ARM Code       0  __scatter.o(!!!scatter)
    __scatterload_copy                       0x000000fc   ARM Code      40  __scatter_copy.o(!!handler_copy)
    __scatterload_zeroinit                   0x00000124   ARM Code      44  __scatter_zi.o(!!handler_zi)
    Inline ARM to Thumb Veneer to __rt_lib_init 0x00000150   ARM Code       8  libinit.o(.ARM.Collect$$libinit$$00000000)
    __rt_lib_init                            0x00000159   Thumb Code     0  libinit.o(.ARM.Collect$$libinit$$00000000)
    __rt_lib_init_alloca_1                   0x0000015f   Thumb Code     0  libinit2.o(.ARM.Collect$$libinit$$0000002A)
    __rt_lib_init_argv_1                     0x0000015f   Thumb Code     0  libinit2.o(.ARM.Collect$$libinit$$00000028)
    __rt_lib_init_atexit_1                   0x0000015f   Thumb Code     0  libinit2.o(.ARM.Collect$$libinit$$00000017)
    __rt_lib_init_clock_1                    0x0000015f   Thumb Code     0  libinit2.o(.ARM.Collect$$libinit$$0000001D)
    __rt_lib_init_cpp_1                      0x0000015f   Thumb Code     0  libinit2.o(.ARM.Collect$$libinit$$0000002E)
    __rt_lib_init_exceptions_1               0x0000015f   Thumb Code     0  libinit2.o(.ARM.Collect$$libinit$$0000002C)
    __rt_lib_init_fp_trap_1                  0x0000015f   Thumb Code     0  libinit2.o(.ARM.Collect$$libinit$$0000001B)
    __rt_lib_init_getenv_1                   0x0000015f   Thumb Code     0  libinit2.o(.ARM.Collect$$libinit$$0000001F)
    __rt_lib_init_heap_1                     0x0000015f   Thumb Code     0  libinit2.o(.ARM.Collect$$libinit$$00000006)
    __rt_lib_init_lc_collate_1               0x0000015f   Thumb Code     0  libinit2.o(.ARM.Collect$$libinit$$0000000D)
    __rt_lib_init_lc_ctype_1                 0x0000015f   Thumb Code     0  libinit2.o(.ARM.Collect$$libinit$$0000000F)
    __rt_lib_init_lc_monetary_1              0x0000015f   Thumb Code     0  libinit2.o(.ARM.Collect$$libinit$$00000011)
    __rt_lib_init_lc_numeric_1               0x0000015f   Thumb Code     0  libinit2.o(.ARM.Collect$$libinit$$00000013)
    __rt_lib_init_lc_time_1                  0x0000015f   Thumb Code     0  libinit2.o(.ARM.Collect$$libinit$$00000015)
    __rt_lib_init_rand_1                     0x0000015f   Thumb Code     0  libinit2.o(.ARM.Collect$$libinit$$0000000A)
    __rt_lib_init_return                     0x0000015f   Thumb Code     0  libinit2.o(.ARM.Collect$$libinit$$0000002F)
    __rt_lib_init_signal_1                   0x0000015f   Thumb Code     0  libinit2.o(.ARM.Collect$$libinit$$00000019)
    __rt_lib_init_stdio_1                    0x0000015f   Thumb Code     0  libinit2.o(.ARM.Collect$$libinit$$00000021)
    __rt_lib_init_user_alloc_1               0x0000015f   Thumb Code     0  libinit2.o(.ARM.Collect$$libinit$$00000008)
    Inline ARM to Thumb Veneer to __rt_lib_shutdown 0x0000016c   ARM Code       8  libshutdown.o(.ARM.Collect$$libshutdown$$00000000)
    __rt_lib_shutdown                        0x00000175   Thumb Code     0  libshutdown.o(.ARM.Collect$$libshutdown$$00000000)
    __rt_lib_shutdown_fp_trap_1              0x00000179   Thumb Code     0  libshutdown2.o(.ARM.Collect$$libshutdown$$00000006)
    __rt_lib_shutdown_heap_1                 0x00000179   Thumb Code     0  libshutdown2.o(.ARM.Collect$$libshutdown$$0000000E)
    __rt_lib_shutdown_return                 0x00000179   Thumb Code     0  libshutdown2.o(.ARM.Collect$$libshutdown$$0000000F)
    __rt_lib_shutdown_signal_1               0x00000179   Thumb Code     0  libshutdown2.o(.ARM.Collect$$libshutdown$$00000009)
    __rt_lib_shutdown_stdio_1                0x00000179   Thumb Code     0  libshutdown2.o(.ARM.Collect$$libshutdown$$00000003)
    __rt_lib_shutdown_user_alloc_1           0x00000179   Thumb Code     0  libshutdown2.o(.ARM.Collect$$libshutdown$$0000000B)
    __rt_entry                               0x00000180   ARM Code       0  rtentry.o(.ARM.Collect$$rtentry$$00000000)
    __rt_entry_presh_1                       0x00000180   ARM Code       0  rtentry2.o(.ARM.Collect$$rtentry$$00000002)
    __rt_entry_sh                            0x00000180   ARM Code       0  rtentry4.o(.ARM.Collect$$rtentry$$00000004)
    __rt_entry_li                            0x00000188   ARM Code       0  rtentry2.o(.ARM.Collect$$rtentry$$0000000A)
    __rt_entry_postsh_1                      0x00000188   ARM Code       0  rtentry2.o(.ARM.Collect$$rtentry$$00000009)
    __rt_entry_main                          0x0000018c   ARM Code       0  rtentry2.o(.ARM.Collect$$rtentry$$0000000D)
    __rt_entry_postli_1                      0x0000018c   ARM Code       0  rtentry2.o(.ARM.Collect$$rtentry$$0000000C)
    Inline Thumb to ARM Veneer to __rt_exit  0x000001b5   Thumb Code     4  rtexit.o(.ARM.Collect$$rtexit$$00000000)
    __rt_exit                                0x000001b8   ARM Code       0  rtexit.o(.ARM.Collect$$rtexit$$00000000)
    __rt_exit_ls                             0x000001b8   ARM Code       0  rtexit2.o(.ARM.Collect$$rtexit$$00000003)
    __rt_exit_prels_1                        0x000001b8   ARM Code       0  rtexit2.o(.ARM.Collect$$rtexit$$00000002)
    __rt_exit_exit                           0x000001bc   ARM Code       0  rtexit2.o(.ARM.Collect$$rtexit$$00000004)
    init_VIC                                 0x000001c0   ARM Code      84  irq.o(.text)
    install_irq                              0x00000214   ARM Code      92  irq.o(.text)
    TargetInit                               0x00000274   ARM Code       4  target.o(.text)
    GPIOResetInit                            0x00000278   ARM Code     120  target.o(.text)
    ConfigurePLL                             0x000002f0   ARM Code     304  target.o(.text)
    TargetResetInit                          0x00000420   ARM Code      84  target.o(.text)
    KeyInit                                  0x00000484   ARM Code      52  choicekey.o(.text)
    checkCANmessage                          0x000004bc   ARM Code     156  main.o(.text)
    main                                     0x00000558   ARM Code     436  main.o(.text)
    UART0Handler                             0x0000072c   ARM Code     400  uart.o(.text)
    UART1Handler                             0x000008bc   ARM Code     400  uart.o(.text)
    UARTInit                                 0x00000a4c   ARM Code     316  uart.o(.text)
    UARTSend                                 0x00000b88   ARM Code     144  uart.o(.text)
    myDelay                                  0x00000c18   ARM Code      48  uart.o(.text)
    preUARTInitRBR                           0x00000c48   ARM Code      76  uart.o(.text)
    postUARTInitRBR                          0x00000c94   ARM Code      76  uart.o(.text)
    Enter_SWRst                              0x00000d18   ARM Code      68  lpc2300can.o(.text)
    Quit_SWRst                               0x00000d5c   ARM Code      72  lpc2300can.o(.text)
    CAN_Init                                 0x00000da4   ARM Code     288  lpc2300can.o(.text)
    CANRCVANDSEND                            0x00000ec4   ARM Code     332  lpc2300can.o(.text)
    writedetail                              0x00001010   ARM Code     172  lpc2300can.o(.text)
    CANSend                                  0x000010bc   ARM Code     368  lpc2300can.o(.text)
    __user_initial_stackheap                 0x00001274   ARM Code       0  startup.o(.text)
    __aeabi_idiv                             0x00001294   ARM Code       0  aeabi_sdiv.o(.text)
    __aeabi_idivmod                          0x00001294   ARM Code     384  aeabi_sdiv.o(.text)
    __use_two_region_memory                  0x00001415   Thumb Code     2  heapauxi.o(.text)
    __rt_heap_escrow$2region                 0x00001417   Thumb Code     2  heapauxi.o(.text)
    __rt_heap_expand$2region                 0x00001419   Thumb Code     2  heapauxi.o(.text)
    __user_setup_stackheap                   0x0000141c   ARM Code      96  sys_stackheap_outer.o(.text)
    exit                                     0x0000147d   Thumb Code    12  exit.o(.text)
    __user_libspace                          0x00001488   ARM Code      12  libspace.o(.text)
    __user_perproc_libspace                  0x00001488   ARM Code       0  libspace.o(.text)
    __user_perthread_libspace                0x00001488   ARM Code       0  libspace.o(.text)
    _sys_exit                                0x00001494   ARM Code      20  sys_exit.o(.text)
    __I$use$semihosting                      0x000014ac   ARM Code       0  use_no_semi.o(.text)
    __use_no_semihosting_swi                 0x000014ac   ARM Code       4  use_no_semi.o(.text)
    __aeabi_uidiv                            0x000014b0   ARM Code       0  aeabi_sdiv.o(.text_udiv)
    __aeabi_uidivmod                         0x000014b0   ARM Code      28  aeabi_sdiv.o(.text_udiv)
    SoftwareInterrupt                        0x000014cc   ARM Code       0  swi_handler.o(SWI_HANDLER)
    IntEnable                                0x00001528   ARM Code       0  swi_handler.o(SWI_HANDLER)
    IntDisable                               0x00001530   ARM Code       0  swi_handler.o(SWI_HANDLER)
    Inline Thumb to ARM Veneer to _fp_init   0x00001539   Thumb Code     4  fpinit.o(x$fpl$fpinit)
    __fplib_config_pureend_doubles           0x0000153c   ARM Code       0  fpinit.o(x$fpl$fpinit)
    _fp_init                                 0x0000153c   ARM Code       4  fpinit.o(x$fpl$fpinit)
    Region$$Table$$Base                      0x00001540   Number         0  anon$$obj.o(Region$$Table)
    Region$$Table$$Limit                     0x00001560   Number         0  anon$$obj.o(Region$$Table)
    UART0TxEmpty                             0x40000000   Data           1  uart.o(.data)
    UART1TxEmpty                             0x40000001   Data           1  uart.o(.data)
    UART0Count                               0x40000004   Data           4  uart.o(.data)
    UART1Count                               0x40000008   Data           4  uart.o(.data)
    UART0Status                              0x40000010   Data           4  uart.o(.data)
    UART1Status                              0x40000014   Data           4  uart.o(.data)
    UART0Buffer                              0x40000018   Data           8  uart.o(.data)
    UART1Buffer                              0x40000020   Data           8  uart.o(.data)
    dataAB                                   0x40000028   Data           8  lpc2300can.o(.data)
    dataRID                                  0x40000030   Data           4  lpc2300can.o(.data)
    __libspace_start                         0x40000054   Data          96  libspace.o(.bss)
    __temporary_stack_top$libspace           0x400000b4   Data           0  libspace.o(.bss)



==============================================================================

Memory Map of the image

  Image Entry point : 0x00000000

  Load Region LR_IROM1 (Base: 0x00000000, Size: 0x00001594, Max: 0x00080000, ABSOLUTE)

    Execution Region ER_IROM1 (Base: 0x00000000, Size: 0x00001560, Max: 0x00080000, ABSOLUTE)

    Base Addr    Size         Type   Attr      Idx    E Section Name        Object

    0x00000000   0x000000b8   Code   RO           15  * RESET               startup.o
    0x000000b8   0x00000008   Code   RO           29  * !!!main             __main.o(c_t.l)
    0x000000c0   0x0000003c   Code   RO          160    !!!scatter          __scatter.o(c_t.l)
    0x000000fc   0x00000028   Code   RO          161    !!handler_copy      __scatter_copy.o(c_t.l)
    0x00000124   0x0000002c   Code   RO          162    !!handler_zi        __scatter_zi.o(c_t.l)
    0x00000150   0x00000008   Ven    RO           60    .ARM.Collect$$libinit$$00000000  libinit.o(c_t.l)
    0x00000158   0x00000006   Code   RO           60    .ARM.Collect$$libinit$$00000000  libinit.o(c_t.l)
    0x0000015e   0x00000000   Code   RO           70    .ARM.Collect$$libinit$$00000006  libinit2.o(c_t.l)
    0x0000015e   0x00000000   Code   RO           72    .ARM.Collect$$libinit$$00000008  libinit2.o(c_t.l)
    0x0000015e   0x00000000   Code   RO           74    .ARM.Collect$$libinit$$0000000A  libinit2.o(c_t.l)
    0x0000015e   0x00000000   Code   RO           77    .ARM.Collect$$libinit$$0000000D  libinit2.o(c_t.l)
    0x0000015e   0x00000000   Code   RO           79    .ARM.Collect$$libinit$$0000000F  libinit2.o(c_t.l)
    0x0000015e   0x00000000   Code   RO           81    .ARM.Collect$$libinit$$00000011  libinit2.o(c_t.l)
    0x0000015e   0x00000000   Code   RO           83    .ARM.Collect$$libinit$$00000013  libinit2.o(c_t.l)
    0x0000015e   0x00000000   Code   RO           85    .ARM.Collect$$libinit$$00000015  libinit2.o(c_t.l)
    0x0000015e   0x00000000   Code   RO           87    .ARM.Collect$$libinit$$00000017  libinit2.o(c_t.l)
    0x0000015e   0x00000000   Code   RO           89    .ARM.Collect$$libinit$$00000019  libinit2.o(c_t.l)
    0x0000015e   0x00000000   Code   RO           91    .ARM.Collect$$libinit$$0000001B  libinit2.o(c_t.l)
    0x0000015e   0x00000000   Code   RO           93    .ARM.Collect$$libinit$$0000001D  libinit2.o(c_t.l)
    0x0000015e   0x00000000   Code   RO           95    .ARM.Collect$$libinit$$0000001F  libinit2.o(c_t.l)
    0x0000015e   0x00000000   Code   RO           97    .ARM.Collect$$libinit$$00000021  libinit2.o(c_t.l)
    0x0000015e   0x00000000   Code   RO          101    .ARM.Collect$$libinit$$00000028  libinit2.o(c_t.l)
    0x0000015e   0x00000000   Code   RO          103    .ARM.Collect$$libinit$$0000002A  libinit2.o(c_t.l)
    0x0000015e   0x00000000   Code   RO          105    .ARM.Collect$$libinit$$0000002C  libinit2.o(c_t.l)
    0x0000015e   0x00000000   Code   RO          107    .ARM.Collect$$libinit$$0000002E  libinit2.o(c_t.l)
    0x0000015e   0x0000000c   Code   RO          108    .ARM.Collect$$libinit$$0000002F  libinit2.o(c_t.l)
    0x0000016a   0x00000002   PAD
    0x0000016c   0x00000008   Ven    RO          130    .ARM.Collect$$libshutdown$$00000000  libshutdown.o(c_t.l)
    0x00000174   0x00000004   Code   RO          130    .ARM.Collect$$libshutdown$$00000000  libshutdown.o(c_t.l)
    0x00000178   0x00000000   Code   RO          145    .ARM.Collect$$libshutdown$$00000003  libshutdown2.o(c_t.l)
    0x00000178   0x00000000   Code   RO          148    .ARM.Collect$$libshutdown$$00000006  libshutdown2.o(c_t.l)
    0x00000178   0x00000000   Code   RO          151    .ARM.Collect$$libshutdown$$00000009  libshutdown2.o(c_t.l)
    0x00000178   0x00000000   Code   RO          153    .ARM.Collect$$libshutdown$$0000000B  libshutdown2.o(c_t.l)
    0x00000178   0x00000000   Code   RO          156    .ARM.Collect$$libshutdown$$0000000E  libshutdown2.o(c_t.l)
    0x00000178   0x00000006   Code   RO          157    .ARM.Collect$$libshutdown$$0000000F  libshutdown2.o(c_t.l)
    0x0000017e   0x00000002   PAD
    0x00000180   0x00000000   Code   RO           30    .ARM.Collect$$rtentry$$00000000  rtentry.o(c_t.l)
    0x00000180   0x00000000   Code   RO           35    .ARM.Collect$$rtentry$$00000002  rtentry2.o(c_t.l)
    0x00000180   0x00000008   Code   RO           50    .ARM.Collect$$rtentry$$00000004  rtentry4.o(c_t.l)
    0x00000188   0x00000000   Code   RO           37    .ARM.Collect$$rtentry$$00000009  rtentry2.o(c_t.l)
    0x00000188   0x00000004   Code   RO           38    .ARM.Collect$$rtentry$$0000000A  rtentry2.o(c_t.l)
    0x0000018c   0x00000000   Code   RO           40    .ARM.Collect$$rtentry$$0000000C  rtentry2.o(c_t.l)
    0x0000018c   0x00000028   Code   RO           41    .ARM.Collect$$rtentry$$0000000D  rtentry2.o(c_t.l)
    0x000001b4   0x00000004   Ven    RO           63    .ARM.Collect$$rtexit$$00000000  rtexit.o(c_t.l)
    0x000001b8   0x00000000   Code   RO           63    .ARM.Collect$$rtexit$$00000000  rtexit.o(c_t.l)
    0x000001b8   0x00000000   Code   RO          112    .ARM.Collect$$rtexit$$00000002  rtexit2.o(c_t.l)
    0x000001b8   0x00000004   Code   RO          113    .ARM.Collect$$rtexit$$00000003  rtexit2.o(c_t.l)
    0x000001bc   0x00000004   Code   RO          114    .ARM.Collect$$rtexit$$00000004  rtexit2.o(c_t.l)
    0x000001c0   0x000000b4   Code   RO            1    .text               irq.o
    0x00000274   0x00000210   Code   RO            3    .text               target.o
    0x00000484   0x00000038   Code   RO            5    .text               choicekey.o
    0x000004bc   0x00000270   Code   RO            6    .text               main.o
    0x0000072c   0x000005ec   Code   RO            8    .text               uart.o
    0x00000d18   0x0000055c   Code   RO           10    .text               lpc2300can.o
    0x00001274   0x00000020   Code   RO           16    .text               startup.o
    0x00001294   0x00000180   Code   RO           20    .text               aeabi_sdiv.o(c_t.l)
    0x00001414   0x00000006   Code   RO           28    .text               heapauxi.o(c_t.l)
    0x0000141a   0x00000002   PAD
    0x0000141c   0x00000060   Code   RO           53    .text               sys_stackheap_outer.o(c_t.l)
    0x0000147c   0x0000000c   Code   RO           54    .text               exit.o(c_t.l)
    0x00001488   0x0000000c   Code   RO           61    .text               libspace.o(c_t.l)
    0x00001494   0x00000018   Code   RO          110    .text               sys_exit.o(c_t.l)
    0x000014ac   0x00000004   Code   RO          125    .text               use_no_semi.o(c_t.l)
    0x000014b0   0x0000001c   Code   RO           21    .text_udiv          aeabi_sdiv.o(c_t.l)
    0x000014cc   0x0000006c   Code   RO           17  * SWI_HANDLER         swi_handler.o
    0x00001538   0x00000004   Ven    RO          109    x$fpl$fpinit        fpinit.o(fz_ts.l)
    0x0000153c   0x00000004   Code   RO          109    x$fpl$fpinit        fpinit.o(fz_ts.l)
    0x00001540   0x00000020   Data   RO          158    Region$$Table       anon$$obj.o


    Execution Region RW_IRAM1 (Base: 0x40000000, Size: 0x000004b8, Max: 0x00008000, ABSOLUTE)

    Base Addr    Size         Type   Attr      Idx    E Section Name        Object

    0x40000000   0x00000028   Data   RW            9    .data               uart.o
    0x40000028   0x0000000c   Data   RW           12    .data               lpc2300can.o
    0x40000034   0x00000020   Zero   RW           11    .bss                lpc2300can.o
    0x40000054   0x00000060   Zero   RW           62    .bss                libspace.o(c_t.l)
    0x400000b4   0x00000004   PAD
    0x400000b8   0x00000000   Zero   RW           14    HEAP                startup.o
    0x400000b8   0x00000400   Zero   RW           13    STACK               startup.o


==============================================================================

Image component sizes


      Code (inc. data)   RO Data    RW Data    ZI Data      Debug   Object Name

        56          4          0          0          0          0   choicekey.o
       180          4          0          0          0          0   irq.o
      1372         72          0         12         32          0   lpc2300can.o
       624         32          0          0          0          0   main.o
       216         52          0          0       1024          0   startup.o
       108         16          0          0          0          0   swi_handler.o
       528         16          0          0          0          0   target.o
      1516         56          0         40          0          0   uart.o

    ----------------------------------------------------------------------
      4600        252         32         52       1056          0   Object Totals
         0          0         32          0          0          0   (incl. Generated)
         0          0          0          0          0          0   (incl. Padding)

    ----------------------------------------------------------------------

      Code (inc. data)   RO Data    RW Data    ZI Data      Debug   Library Member Name

         8          0          0          0          0          0   __main.o
        60          8          0          0          0          0   __scatter.o
        40          0          0          0          0          0   __scatter_copy.o
        44          0          0          0          0          0   __scatter_zi.o
       412          0          0          0          0          0   aeabi_sdiv.o
        12          0          0          0          0          0   exit.o
         8          0          0          0          0          0   fpinit.o
         6          0          0          0          0          0   heapauxi.o
        14          0          0          0          0          0   libinit.o
        12          0          0          0          0          0   libinit2.o
        12          0          0          0          0          0   libshutdown.o
         6          0          0          0          0          0   libshutdown2.o
        12          4          0          0         96          0   libspace.o
         0          0          0          0          0          0   rtentry.o
        44          4          0          0          0          0   rtentry2.o
         8          0          0          0          0          0   rtentry4.o
         4          0          0          0          0          0   rtexit.o
         8          0          0          0          0          0   rtexit2.o
        24          8          0          0          0          0   sys_exit.o
        96          0          0          0          0          0   sys_stackheap_outer.o
         4          0          0          0          0          0   use_no_semi.o

    ----------------------------------------------------------------------
       840         24          0          0        100          0   Library Totals
         6          0          0          0          4          0   (incl. Padding)

    ----------------------------------------------------------------------

      Code (inc. data)   RO Data    RW Data    ZI Data      Debug   Library Name

       826         24          0          0         96          0   c_t.l
         8          0          0          0          0          0   fz_ts.l

    ----------------------------------------------------------------------
       840         24          0          0        100          0   Library Totals

    ----------------------------------------------------------------------

==============================================================================


      Code (inc. data)   RO Data    RW Data    ZI Data      Debug   

      5440        276         32         52       1156          0   Grand Totals
      5440        276         32         52       1156          0   ELF Image Totals
      5440        276         32         52          0          0   ROM Totals

==============================================================================

    Total RO  Size (Code + RO Data)                 5472 (   5.34kB)
    Total RW  Size (RW Data + ZI Data)              1208 (   1.18kB)
    Total ROM Size (Code + RO Data + RW Data)       5524 (   5.39kB)

==============================================================================

